package com.pixdane.gregicality.common.data.materials

import com.gregtechceu.gtceu.api.data.chemical.material.Material
import com.gregtechceu.gtceu.api.data.chemical.material.info.MaterialFlags
import com.gregtechceu.gtceu.api.data.chemical.material.info.MaterialIconSet
import com.gregtechceu.gtceu.common.data.GTMaterials
import com.pixdane.gregicality.Gregicality

object GCYMaterialsChemistryPolymers:
  var Polyimide: Material = _

  def register(): Unit =
    Polyimide = new Material.Builder(Gregicality.id("polyimide"))
      .polymer(1)
      .liquid()
      .color(0xff7f50)
      .iconSet(MaterialIconSet.DULL)
      .flags(MaterialFlags.GENERATE_PLATE)
      .components(
        GTMaterials.Carbon, 22,
        GTMaterials.Hydrogen, 12,
        GTMaterials.Nitrogen, 2,
        GTMaterials.Oxygen, 6
      )
      .buildAndRegister()

  def patch(): Unit =
    ()
